Archive member included because of file (symbol)

d:/dave-3.1.10/arm-gcc/bin/../lib/gcc/arm-none-eabi/4.7.4/../../../../arm-none-eabi/lib/armv7e-m\libg.a(lib_a-init.o)
                              Startup/startup_XMC4500.o (__libc_init_array)

Allocating common symbols
Common symbol       size              file

Value               0x4               Main.o

Discarded input sections

 .group         0x00000000        0x8 Startup/system_XMC4500.o
 .group         0x00000000        0x8 Startup/system_XMC4500.o
 .group         0x00000000        0x8 Startup/system_XMC4500.o
 .group         0x00000000        0x8 Startup/system_XMC4500.o
 .group         0x00000000        0x8 Startup/system_XMC4500.o
 .group         0x00000000        0x8 Startup/system_XMC4500.o
 .group         0x00000000        0x8 Startup/system_XMC4500.o
 .group         0x00000000        0x8 Startup/system_XMC4500.o
 .group         0x00000000        0x8 Startup/system_XMC4500.o
 .group         0x00000000        0x8 Startup/system_XMC4500.o
 .group         0x00000000        0x8 Startup/system_XMC4500.o
 .group         0x00000000        0x8 Startup/system_XMC4500.o
 .group         0x00000000        0x8 Startup/system_XMC4500.o
 .comment       0x00000000       0x71 Startup/system_XMC4500.o
 .group         0x00000000        0x8 Main.o
 .group         0x00000000        0x8 Main.o
 .group         0x00000000        0x8 Main.o
 .group         0x00000000        0x8 Main.o
 .group         0x00000000        0x8 Main.o
 .group         0x00000000        0x8 Main.o
 .group         0x00000000        0x8 Main.o
 .group         0x00000000        0x8 Main.o
 .group         0x00000000        0x8 Main.o
 .group         0x00000000        0x8 Main.o
 .group         0x00000000        0x8 Main.o
 .group         0x00000000        0x8 Main.o
 .group         0x00000000        0x8 Main.o
 .group         0x00000000        0x8 Main.o
 .group         0x00000000        0x8 Main.o
 .group         0x00000000        0x8 Main.o
 .group         0x00000000        0x8 Main.o
 .group         0x00000000        0x8 Main.o
 .group         0x00000000        0x8 Main.o
 .group         0x00000000        0x8 Main.o
 .debug_macro   0x00000000      0x814 Main.o
 .debug_macro   0x00000000       0x2d Main.o
 .debug_macro   0x00000000       0x3b Main.o
 .debug_macro   0x00000000       0x3a Main.o
 .debug_macro   0x00000000       0x10 Main.o
 .debug_macro   0x00000000       0x2e Main.o
 .debug_macro   0x00000000       0xa3 Main.o
 .debug_macro   0x00000000      0x20e Main.o
 .debug_macro   0x00000000       0x2d Main.o
 .debug_macro   0x00000000       0x42 Main.o
 .debug_macro   0x00000000      0xd39 Main.o
 .debug_macro   0x00000000    0x150f5 Main.o
 .comment       0x00000000       0x71 Main.o
 .group         0x00000000        0x8 Lib/System_LibcStubs.o
 .group         0x00000000        0x8 Lib/System_LibcStubs.o
 .group         0x00000000        0x8 Lib/System_LibcStubs.o
 .group         0x00000000        0x8 Lib/System_LibcStubs.o
 .group         0x00000000        0x8 Lib/System_LibcStubs.o
 .group         0x00000000        0x8 Lib/System_LibcStubs.o
 .group         0x00000000        0x8 Lib/System_LibcStubs.o
 .group         0x00000000        0x8 Lib/System_LibcStubs.o
 .group         0x00000000        0x8 Lib/System_LibcStubs.o
 .group         0x00000000        0x8 Lib/System_LibcStubs.o
 .group         0x00000000        0x8 Lib/System_LibcStubs.o
 .group         0x00000000        0x8 Lib/System_LibcStubs.o
 .group         0x00000000        0x8 Lib/System_LibcStubs.o
 .group         0x00000000        0x8 Lib/System_LibcStubs.o
 .group         0x00000000        0x8 Lib/System_LibcStubs.o
 .group         0x00000000        0x8 Lib/System_LibcStubs.o
 .group         0x00000000        0x8 Lib/System_LibcStubs.o
 .group         0x00000000        0x8 Lib/System_LibcStubs.o
 .group         0x00000000        0x8 Lib/System_LibcStubs.o
 .group         0x00000000        0x8 Lib/System_LibcStubs.o
 .group         0x00000000        0x8 Lib/System_LibcStubs.o
 .debug_macro   0x00000000      0x814 Lib/System_LibcStubs.o
 .debug_macro   0x00000000       0x3a Lib/System_LibcStubs.o
 .debug_macro   0x00000000       0x10 Lib/System_LibcStubs.o
 .debug_macro   0x00000000       0x2e Lib/System_LibcStubs.o
 .debug_macro   0x00000000       0xa3 Lib/System_LibcStubs.o
 .comment       0x00000000       0x71 Lib/System_LibcStubs.o
 .group         0x00000000        0x8 Dave/Generated/src/LIBS/CCU8PWMLIB.o
 .group         0x00000000        0x8 Dave/Generated/src/LIBS/CCU8PWMLIB.o
 .group         0x00000000        0x8 Dave/Generated/src/LIBS/CCU8PWMLIB.o
 .group         0x00000000        0x8 Dave/Generated/src/LIBS/CCU8PWMLIB.o
 .group         0x00000000        0x8 Dave/Generated/src/LIBS/CCU8PWMLIB.o
 .group         0x00000000        0x8 Dave/Generated/src/LIBS/CCU8PWMLIB.o
 .group         0x00000000        0x8 Dave/Generated/src/LIBS/CCU8PWMLIB.o
 .group         0x00000000        0x8 Dave/Generated/src/LIBS/CCU8PWMLIB.o
 .group         0x00000000        0x8 Dave/Generated/src/LIBS/CCU8PWMLIB.o
 .group         0x00000000        0x8 Dave/Generated/src/LIBS/CCU8PWMLIB.o
 .group         0x00000000        0x8 Dave/Generated/src/LIBS/CCU8PWMLIB.o
 .group         0x00000000        0x8 Dave/Generated/src/LIBS/CCU8PWMLIB.o
 .group         0x00000000        0x8 Dave/Generated/src/LIBS/CCU8PWMLIB.o
 .group         0x00000000        0x8 Dave/Generated/src/LIBS/CCU8PWMLIB.o
 .group         0x00000000        0x8 Dave/Generated/src/LIBS/CCU8PWMLIB.o
 .group         0x00000000        0x8 Dave/Generated/src/LIBS/CCU8PWMLIB.o
 .group         0x00000000        0x8 Dave/Generated/src/LIBS/CCU8PWMLIB.o
 .group         0x00000000        0x8 Dave/Generated/src/LIBS/CCU8PWMLIB.o
 .group         0x00000000        0x8 Dave/Generated/src/LIBS/CCU8PWMLIB.o
 .group         0x00000000        0x8 Dave/Generated/src/LIBS/CCU8PWMLIB.o
 .debug_macro   0x00000000      0x814 Dave/Generated/src/LIBS/CCU8PWMLIB.o
 .debug_macro   0x00000000       0x2d Dave/Generated/src/LIBS/CCU8PWMLIB.o
 .debug_macro   0x00000000       0x3b Dave/Generated/src/LIBS/CCU8PWMLIB.o
 .debug_macro   0x00000000       0x3a Dave/Generated/src/LIBS/CCU8PWMLIB.o
 .debug_macro   0x00000000       0x10 Dave/Generated/src/LIBS/CCU8PWMLIB.o
 .debug_macro   0x00000000       0x2e Dave/Generated/src/LIBS/CCU8PWMLIB.o
 .debug_macro   0x00000000       0xa3 Dave/Generated/src/LIBS/CCU8PWMLIB.o
 .debug_macro   0x00000000      0x20e Dave/Generated/src/LIBS/CCU8PWMLIB.o
 .debug_macro   0x00000000       0x2d Dave/Generated/src/LIBS/CCU8PWMLIB.o
 .debug_macro   0x00000000       0x42 Dave/Generated/src/LIBS/CCU8PWMLIB.o
 .debug_macro   0x00000000      0xd39 Dave/Generated/src/LIBS/CCU8PWMLIB.o
 .debug_macro   0x00000000       0x70 Dave/Generated/src/LIBS/CCU8PWMLIB.o
 .debug_macro   0x00000000    0x150f5 Dave/Generated/src/LIBS/CCU8PWMLIB.o
 .debug_macro   0x00000000      0x16c Dave/Generated/src/LIBS/CCU8PWMLIB.o
 .debug_macro   0x00000000       0x22 Dave/Generated/src/LIBS/CCU8PWMLIB.o
 .debug_macro   0x00000000      0x54a Dave/Generated/src/LIBS/CCU8PWMLIB.o
 .debug_macro   0x00000000       0x64 Dave/Generated/src/LIBS/CCU8PWMLIB.o
 .debug_macro   0x00000000       0x46 Dave/Generated/src/LIBS/CCU8PWMLIB.o
 .debug_macro   0x00000000      0x160 Dave/Generated/src/LIBS/CCU8PWMLIB.o
 .debug_macro   0x00000000       0x2d Dave/Generated/src/LIBS/CCU8PWMLIB.o
 .comment       0x00000000       0x71 Dave/Generated/src/LIBS/CCU8PWMLIB.o
 .group         0x00000000        0x8 Dave/Generated/src/LIBS/MOTORLIB.o
 .group         0x00000000        0x8 Dave/Generated/src/LIBS/MOTORLIB.o
 .group         0x00000000        0x8 Dave/Generated/src/LIBS/MOTORLIB.o
 .group         0x00000000        0x8 Dave/Generated/src/LIBS/MOTORLIB.o
 .group         0x00000000        0x8 Dave/Generated/src/LIBS/MOTORLIB.o
 .group         0x00000000        0x8 Dave/Generated/src/LIBS/MOTORLIB.o
 .group         0x00000000        0x8 Dave/Generated/src/LIBS/MOTORLIB.o
 .group         0x00000000        0x8 Dave/Generated/src/LIBS/MOTORLIB.o
 .group         0x00000000        0x8 Dave/Generated/src/LIBS/MOTORLIB.o
 .group         0x00000000        0x8 Dave/Generated/src/LIBS/MOTORLIB.o
 .group         0x00000000        0x8 Dave/Generated/src/LIBS/MOTORLIB.o
 .group         0x00000000        0x8 Dave/Generated/src/LIBS/MOTORLIB.o
 .group         0x00000000        0x8 Dave/Generated/src/LIBS/MOTORLIB.o
 .group         0x00000000        0x8 Dave/Generated/src/LIBS/MOTORLIB.o
 .group         0x00000000        0x8 Dave/Generated/src/LIBS/MOTORLIB.o
 .group         0x00000000        0x8 Dave/Generated/src/LIBS/MOTORLIB.o
 .group         0x00000000        0x8 Dave/Generated/src/LIBS/MOTORLIB.o
 .group         0x00000000        0x8 Dave/Generated/src/LIBS/MOTORLIB.o
 .group         0x00000000        0x8 Dave/Generated/src/LIBS/MOTORLIB.o
 .group         0x00000000        0x8 Dave/Generated/src/LIBS/MOTORLIB.o
 .debug_macro   0x00000000      0x814 Dave/Generated/src/LIBS/MOTORLIB.o
 .debug_macro   0x00000000       0x2d Dave/Generated/src/LIBS/MOTORLIB.o
 .debug_macro   0x00000000       0x3b Dave/Generated/src/LIBS/MOTORLIB.o
 .debug_macro   0x00000000       0x3a Dave/Generated/src/LIBS/MOTORLIB.o
 .debug_macro   0x00000000       0x10 Dave/Generated/src/LIBS/MOTORLIB.o
 .debug_macro   0x00000000       0x2e Dave/Generated/src/LIBS/MOTORLIB.o
 .debug_macro   0x00000000       0xa3 Dave/Generated/src/LIBS/MOTORLIB.o
 .debug_macro   0x00000000      0x20e Dave/Generated/src/LIBS/MOTORLIB.o
 .debug_macro   0x00000000       0x2d Dave/Generated/src/LIBS/MOTORLIB.o
 .debug_macro   0x00000000       0x42 Dave/Generated/src/LIBS/MOTORLIB.o
 .debug_macro   0x00000000      0xd39 Dave/Generated/src/LIBS/MOTORLIB.o
 .debug_macro   0x00000000       0x70 Dave/Generated/src/LIBS/MOTORLIB.o
 .debug_macro   0x00000000    0x150f5 Dave/Generated/src/LIBS/MOTORLIB.o
 .debug_macro   0x00000000      0x16c Dave/Generated/src/LIBS/MOTORLIB.o
 .debug_macro   0x00000000       0x22 Dave/Generated/src/LIBS/MOTORLIB.o
 .debug_macro   0x00000000      0x54a Dave/Generated/src/LIBS/MOTORLIB.o
 .debug_macro   0x00000000       0x64 Dave/Generated/src/LIBS/MOTORLIB.o
 .debug_macro   0x00000000       0x46 Dave/Generated/src/LIBS/MOTORLIB.o
 .debug_macro   0x00000000      0x160 Dave/Generated/src/LIBS/MOTORLIB.o
 .debug_macro   0x00000000       0x2d Dave/Generated/src/LIBS/MOTORLIB.o
 .comment       0x00000000       0x71 Dave/Generated/src/LIBS/MOTORLIB.o
 .group         0x00000000        0x8 Dave/Generated/src/IO004/IO004.o
 .group         0x00000000        0x8 Dave/Generated/src/IO004/IO004.o
 .group         0x00000000        0x8 Dave/Generated/src/IO004/IO004.o
 .group         0x00000000        0x8 Dave/Generated/src/IO004/IO004.o
 .group         0x00000000        0x8 Dave/Generated/src/IO004/IO004.o
 .group         0x00000000        0x8 Dave/Generated/src/IO004/IO004.o
 .group         0x00000000        0x8 Dave/Generated/src/IO004/IO004.o
 .group         0x00000000        0x8 Dave/Generated/src/IO004/IO004.o
 .group         0x00000000        0x8 Dave/Generated/src/IO004/IO004.o
 .group         0x00000000        0x8 Dave/Generated/src/IO004/IO004.o
 .group         0x00000000        0x8 Dave/Generated/src/IO004/IO004.o
 .group         0x00000000        0x8 Dave/Generated/src/IO004/IO004.o
 .group         0x00000000        0x8 Dave/Generated/src/IO004/IO004.o
 .group         0x00000000        0x8 Dave/Generated/src/IO004/IO004.o
 .group         0x00000000        0x8 Dave/Generated/src/IO004/IO004.o
 .group         0x00000000        0x8 Dave/Generated/src/IO004/IO004.o
 .group         0x00000000        0x8 Dave/Generated/src/IO004/IO004.o
 .group         0x00000000        0x8 Dave/Generated/src/IO004/IO004.o
 .group         0x00000000        0x8 Dave/Generated/src/IO004/IO004.o
 .group         0x00000000        0x8 Dave/Generated/src/IO004/IO004.o
 .debug_macro   0x00000000      0x814 Dave/Generated/src/IO004/IO004.o
 .debug_macro   0x00000000       0x2d Dave/Generated/src/IO004/IO004.o
 .debug_macro   0x00000000       0x3b Dave/Generated/src/IO004/IO004.o
 .debug_macro   0x00000000       0x3a Dave/Generated/src/IO004/IO004.o
 .debug_macro   0x00000000       0x10 Dave/Generated/src/IO004/IO004.o
 .debug_macro   0x00000000       0x2e Dave/Generated/src/IO004/IO004.o
 .debug_macro   0x00000000       0xa3 Dave/Generated/src/IO004/IO004.o
 .debug_macro   0x00000000      0x20e Dave/Generated/src/IO004/IO004.o
 .debug_macro   0x00000000       0x2d Dave/Generated/src/IO004/IO004.o
 .debug_macro   0x00000000       0x42 Dave/Generated/src/IO004/IO004.o
 .debug_macro   0x00000000      0xd39 Dave/Generated/src/IO004/IO004.o
 .debug_macro   0x00000000       0x70 Dave/Generated/src/IO004/IO004.o
 .debug_macro   0x00000000    0x150f5 Dave/Generated/src/IO004/IO004.o
 .debug_macro   0x00000000      0x16c Dave/Generated/src/IO004/IO004.o
 .debug_macro   0x00000000       0x22 Dave/Generated/src/IO004/IO004.o
 .debug_macro   0x00000000      0x54a Dave/Generated/src/IO004/IO004.o
 .debug_macro   0x00000000       0x64 Dave/Generated/src/IO004/IO004.o
 .debug_macro   0x00000000       0x46 Dave/Generated/src/IO004/IO004.o
 .debug_macro   0x00000000      0x160 Dave/Generated/src/IO004/IO004.o
 .debug_macro   0x00000000       0x2d Dave/Generated/src/IO004/IO004.o
 .comment       0x00000000       0x71 Dave/Generated/src/IO004/IO004.o
 .group         0x00000000        0x8 Dave/Generated/src/IO004/IO004_Conf.o
 .group         0x00000000        0x8 Dave/Generated/src/IO004/IO004_Conf.o
 .group         0x00000000        0x8 Dave/Generated/src/IO004/IO004_Conf.o
 .group         0x00000000        0x8 Dave/Generated/src/IO004/IO004_Conf.o
 .group         0x00000000        0x8 Dave/Generated/src/IO004/IO004_Conf.o
 .group         0x00000000        0x8 Dave/Generated/src/IO004/IO004_Conf.o
 .group         0x00000000        0x8 Dave/Generated/src/IO004/IO004_Conf.o
 .group         0x00000000        0x8 Dave/Generated/src/IO004/IO004_Conf.o
 .group         0x00000000        0x8 Dave/Generated/src/IO004/IO004_Conf.o
 .group         0x00000000        0x8 Dave/Generated/src/IO004/IO004_Conf.o
 .group         0x00000000        0x8 Dave/Generated/src/IO004/IO004_Conf.o
 .group         0x00000000        0x8 Dave/Generated/src/IO004/IO004_Conf.o
 .group         0x00000000        0x8 Dave/Generated/src/IO004/IO004_Conf.o
 .group         0x00000000        0x8 Dave/Generated/src/IO004/IO004_Conf.o
 .group         0x00000000        0x8 Dave/Generated/src/IO004/IO004_Conf.o
 .group         0x00000000        0x8 Dave/Generated/src/IO004/IO004_Conf.o
 .group         0x00000000        0x8 Dave/Generated/src/IO004/IO004_Conf.o
 .group         0x00000000        0x8 Dave/Generated/src/IO004/IO004_Conf.o
 .group         0x00000000        0x8 Dave/Generated/src/IO004/IO004_Conf.o
 .group         0x00000000        0x8 Dave/Generated/src/IO004/IO004_Conf.o
 .debug_macro   0x00000000      0x814 Dave/Generated/src/IO004/IO004_Conf.o
 .debug_macro   0x00000000       0x2d Dave/Generated/src/IO004/IO004_Conf.o
 .debug_macro   0x00000000       0x3b Dave/Generated/src/IO004/IO004_Conf.o
 .debug_macro   0x00000000       0x3a Dave/Generated/src/IO004/IO004_Conf.o
 .debug_macro   0x00000000       0x10 Dave/Generated/src/IO004/IO004_Conf.o
 .debug_macro   0x00000000       0x2e Dave/Generated/src/IO004/IO004_Conf.o
 .debug_macro   0x00000000       0xa3 Dave/Generated/src/IO004/IO004_Conf.o
 .debug_macro   0x00000000      0x20e Dave/Generated/src/IO004/IO004_Conf.o
 .debug_macro   0x00000000       0x2d Dave/Generated/src/IO004/IO004_Conf.o
 .debug_macro   0x00000000       0x42 Dave/Generated/src/IO004/IO004_Conf.o
 .debug_macro   0x00000000      0xd39 Dave/Generated/src/IO004/IO004_Conf.o
 .debug_macro   0x00000000       0x70 Dave/Generated/src/IO004/IO004_Conf.o
 .debug_macro   0x00000000    0x150f5 Dave/Generated/src/IO004/IO004_Conf.o
 .debug_macro   0x00000000      0x16c Dave/Generated/src/IO004/IO004_Conf.o
 .debug_macro   0x00000000       0x22 Dave/Generated/src/IO004/IO004_Conf.o
 .debug_macro   0x00000000      0x54a Dave/Generated/src/IO004/IO004_Conf.o
 .debug_macro   0x00000000       0x64 Dave/Generated/src/IO004/IO004_Conf.o
 .debug_macro   0x00000000       0x46 Dave/Generated/src/IO004/IO004_Conf.o
 .debug_macro   0x00000000      0x160 Dave/Generated/src/IO004/IO004_Conf.o
 .debug_macro   0x00000000       0x2d Dave/Generated/src/IO004/IO004_Conf.o
 .comment       0x00000000       0x71 Dave/Generated/src/IO004/IO004_Conf.o
 .group         0x00000000        0x8 Dave/Generated/src/DAVESupport/DAVE3.o
 .group         0x00000000        0x8 Dave/Generated/src/DAVESupport/DAVE3.o
 .group         0x00000000        0x8 Dave/Generated/src/DAVESupport/DAVE3.o
 .group         0x00000000        0x8 Dave/Generated/src/DAVESupport/DAVE3.o
 .group         0x00000000        0x8 Dave/Generated/src/DAVESupport/DAVE3.o
 .group         0x00000000        0x8 Dave/Generated/src/DAVESupport/DAVE3.o
 .group         0x00000000        0x8 Dave/Generated/src/DAVESupport/DAVE3.o
 .group         0x00000000        0x8 Dave/Generated/src/DAVESupport/DAVE3.o
 .group         0x00000000        0x8 Dave/Generated/src/DAVESupport/DAVE3.o
 .group         0x00000000        0x8 Dave/Generated/src/DAVESupport/DAVE3.o
 .group         0x00000000        0x8 Dave/Generated/src/DAVESupport/DAVE3.o
 .group         0x00000000        0x8 Dave/Generated/src/DAVESupport/DAVE3.o
 .group         0x00000000        0x8 Dave/Generated/src/DAVESupport/DAVE3.o
 .group         0x00000000        0x8 Dave/Generated/src/DAVESupport/DAVE3.o
 .group         0x00000000        0x8 Dave/Generated/src/DAVESupport/DAVE3.o
 .group         0x00000000        0x8 Dave/Generated/src/DAVESupport/DAVE3.o
 .group         0x00000000        0x8 Dave/Generated/src/DAVESupport/DAVE3.o
 .group         0x00000000        0x8 Dave/Generated/src/DAVESupport/DAVE3.o
 .group         0x00000000        0x8 Dave/Generated/src/DAVESupport/DAVE3.o
 .group         0x00000000        0x8 Dave/Generated/src/DAVESupport/DAVE3.o
 .debug_macro   0x00000000      0x814 Dave/Generated/src/DAVESupport/DAVE3.o
 .debug_macro   0x00000000       0x2d Dave/Generated/src/DAVESupport/DAVE3.o
 .debug_macro   0x00000000       0x3b Dave/Generated/src/DAVESupport/DAVE3.o
 .debug_macro   0x00000000       0x3a Dave/Generated/src/DAVESupport/DAVE3.o
 .debug_macro   0x00000000       0x10 Dave/Generated/src/DAVESupport/DAVE3.o
 .debug_macro   0x00000000       0x2e Dave/Generated/src/DAVESupport/DAVE3.o
 .debug_macro   0x00000000       0xa3 Dave/Generated/src/DAVESupport/DAVE3.o
 .debug_macro   0x00000000      0x20e Dave/Generated/src/DAVESupport/DAVE3.o
 .debug_macro   0x00000000       0x2d Dave/Generated/src/DAVESupport/DAVE3.o
 .debug_macro   0x00000000       0x42 Dave/Generated/src/DAVESupport/DAVE3.o
 .debug_macro   0x00000000      0xd39 Dave/Generated/src/DAVESupport/DAVE3.o
 .debug_macro   0x00000000       0x70 Dave/Generated/src/DAVESupport/DAVE3.o
 .debug_macro   0x00000000    0x150f5 Dave/Generated/src/DAVESupport/DAVE3.o
 .debug_macro   0x00000000      0x16c Dave/Generated/src/DAVESupport/DAVE3.o
 .debug_macro   0x00000000       0x22 Dave/Generated/src/DAVESupport/DAVE3.o
 .debug_macro   0x00000000      0x54a Dave/Generated/src/DAVESupport/DAVE3.o
 .debug_macro   0x00000000       0x64 Dave/Generated/src/DAVESupport/DAVE3.o
 .debug_macro   0x00000000       0x46 Dave/Generated/src/DAVESupport/DAVE3.o
 .debug_macro   0x00000000      0x160 Dave/Generated/src/DAVESupport/DAVE3.o
 .debug_macro   0x00000000       0x2d Dave/Generated/src/DAVESupport/DAVE3.o
 .comment       0x00000000       0x71 Dave/Generated/src/DAVESupport/DAVE3.o
 .group         0x00000000        0x8 Dave/Generated/src/DAVESupport/MULTIPLEXER.o
 .group         0x00000000        0x8 Dave/Generated/src/DAVESupport/MULTIPLEXER.o
 .group         0x00000000        0x8 Dave/Generated/src/DAVESupport/MULTIPLEXER.o
 .group         0x00000000        0x8 Dave/Generated/src/DAVESupport/MULTIPLEXER.o
 .group         0x00000000        0x8 Dave/Generated/src/DAVESupport/MULTIPLEXER.o
 .group         0x00000000        0x8 Dave/Generated/src/DAVESupport/MULTIPLEXER.o
 .group         0x00000000        0x8 Dave/Generated/src/DAVESupport/MULTIPLEXER.o
 .group         0x00000000        0x8 Dave/Generated/src/DAVESupport/MULTIPLEXER.o
 .group         0x00000000        0x8 Dave/Generated/src/DAVESupport/MULTIPLEXER.o
 .group         0x00000000        0x8 Dave/Generated/src/DAVESupport/MULTIPLEXER.o
 .group         0x00000000        0x8 Dave/Generated/src/DAVESupport/MULTIPLEXER.o
 .group         0x00000000        0x8 Dave/Generated/src/DAVESupport/MULTIPLEXER.o
 .group         0x00000000        0x8 Dave/Generated/src/DAVESupport/MULTIPLEXER.o
 .group         0x00000000        0x8 Dave/Generated/src/DAVESupport/MULTIPLEXER.o
 .group         0x00000000        0x8 Dave/Generated/src/DAVESupport/MULTIPLEXER.o
 .group         0x00000000        0x8 Dave/Generated/src/DAVESupport/MULTIPLEXER.o
 .group         0x00000000        0x8 Dave/Generated/src/DAVESupport/MULTIPLEXER.o
 .group         0x00000000        0x8 Dave/Generated/src/DAVESupport/MULTIPLEXER.o
 .group         0x00000000        0x8 Dave/Generated/src/DAVESupport/MULTIPLEXER.o
 .group         0x00000000        0x8 Dave/Generated/src/DAVESupport/MULTIPLEXER.o
 .debug_macro   0x00000000      0x814 Dave/Generated/src/DAVESupport/MULTIPLEXER.o
 .debug_macro   0x00000000       0x2d Dave/Generated/src/DAVESupport/MULTIPLEXER.o
 .debug_macro   0x00000000       0x3b Dave/Generated/src/DAVESupport/MULTIPLEXER.o
 .debug_macro   0x00000000       0x3a Dave/Generated/src/DAVESupport/MULTIPLEXER.o
 .debug_macro   0x00000000       0x10 Dave/Generated/src/DAVESupport/MULTIPLEXER.o
 .debug_macro   0x00000000       0x2e Dave/Generated/src/DAVESupport/MULTIPLEXER.o
 .debug_macro   0x00000000       0xa3 Dave/Generated/src/DAVESupport/MULTIPLEXER.o
 .debug_macro   0x00000000      0x20e Dave/Generated/src/DAVESupport/MULTIPLEXER.o
 .debug_macro   0x00000000       0x2d Dave/Generated/src/DAVESupport/MULTIPLEXER.o
 .debug_macro   0x00000000       0x42 Dave/Generated/src/DAVESupport/MULTIPLEXER.o
 .debug_macro   0x00000000      0xd39 Dave/Generated/src/DAVESupport/MULTIPLEXER.o
 .debug_macro   0x00000000       0x70 Dave/Generated/src/DAVESupport/MULTIPLEXER.o
 .debug_macro   0x00000000    0x150f5 Dave/Generated/src/DAVESupport/MULTIPLEXER.o
 .debug_macro   0x00000000      0x16c Dave/Generated/src/DAVESupport/MULTIPLEXER.o
 .debug_macro   0x00000000       0x22 Dave/Generated/src/DAVESupport/MULTIPLEXER.o
 .debug_macro   0x00000000      0x54a Dave/Generated/src/DAVESupport/MULTIPLEXER.o
 .debug_macro   0x00000000       0x64 Dave/Generated/src/DAVESupport/MULTIPLEXER.o
 .debug_macro   0x00000000       0x46 Dave/Generated/src/DAVESupport/MULTIPLEXER.o
 .debug_macro   0x00000000      0x160 Dave/Generated/src/DAVESupport/MULTIPLEXER.o
 .debug_macro   0x00000000       0x2d Dave/Generated/src/DAVESupport/MULTIPLEXER.o
 .comment       0x00000000       0x71 Dave/Generated/src/DAVESupport/MULTIPLEXER.o

Memory Configuration

Name             Origin             Length             Attributes
FLASH_1_cached   0x08000000         0x00100000         xr
FLASH_1_uncached 0x0c000000         0x00100000         xr
PSRAM_1          0x10000000         0x00010000         !xr
DSRAM_1_system   0x20000000         0x00010000         !xr
DSRAM_2_comm     0x30000000         0x00008000         !xr
*default*        0x00000000         0xffffffff

Linker script and memory map

LOAD Startup/startup_XMC4500.o
LOAD Startup/system_XMC4500.o
LOAD Main.o
LOAD Lib/System_LibcStubs.o
LOAD Dave/Generated/src/LIBS/CCU8PWMLIB.o
LOAD Dave/Generated/src/LIBS/MOTORLIB.o
LOAD Dave/Generated/src/IO004/IO004.o
LOAD Dave/Generated/src/IO004/IO004_Conf.o
LOAD Dave/Generated/src/DAVESupport/DAVE3.o
LOAD Dave/Generated/src/DAVESupport/MULTIPLEXER.o
START GROUP
LOAD d:/dave-3.1.10/arm-gcc/bin/../lib/gcc/arm-none-eabi/4.7.4/armv7e-m\libgcc.a
LOAD d:/dave-3.1.10/arm-gcc/bin/../lib/gcc/arm-none-eabi/4.7.4/../../../../arm-none-eabi/lib/armv7e-m\libg.a
LOAD d:/dave-3.1.10/arm-gcc/bin/../lib/gcc/arm-none-eabi/4.7.4/../../../../arm-none-eabi/lib/armv7e-m\libc.a
END GROUP
                0x00000800                stack_size = 0x800

.text           0x08000000     0x200c load address 0x0c000000
                0x08000000                sText = .
 *(.Xmc4500.reset)
 .Xmc4500.reset
                0x08000000      0x21c Startup/startup_XMC4500.o
                0x08000000                __Xmc4500_interrupt_vector_cortex_m
                0x08000200                __Xmc4500_reset_cortex_m
 *(.Xmc4500.postreset)
 .Xmc4500.postreset
                0x0800021c       0x94 Startup/startup_XMC4500.o
 *(.XmcStartup)
 .XmcStartup    0x080002b0        0x4 Startup/startup_XMC4500.o
                0x080002b0                SystemInit_DAVE3
 *(.text .text.* .gnu.linkonce.t.*)
 .text          0x080002b4      0x82c Startup/startup_XMC4500.o
                0x080002b4                NMI_Handler
                0x080002b6                NMI_Handler_Veneer
                0x080002c4                HardFault_Handler
                0x080002c6                HardFault_Handler_Veneer
                0x080002d4                MemManage_Handler
                0x080002d6                MemManage_Handler_Veneer
                0x080002e4                BusFault_Handler
                0x080002e6                BusFault_Handler_Veneer
                0x080002f4                UsageFault_Handler
                0x080002f6                UsageFault_Handler_Veneer
                0x08000304                SVC_Handler
                0x08000306                SVC_Handler_Veneer
                0x08000314                DebugMon_Handler
                0x08000316                DebugMon_Handler_Veneer
                0x08000324                PendSV_Handler
                0x08000326                PendSV_Handler_Veneer
                0x08000334                SysTick_Handler
                0x08000336                SysTick_Handler_Veneer
                0x08000344                SCU_0_IRQHandler
                0x08000346                SCU_0_IRQHandler_Veneer
                0x08000354                ERU0_0_IRQHandler
                0x08000356                ERU0_0_IRQHandler_Veneer
                0x08000364                ERU0_1_IRQHandler
                0x08000366                ERU0_1_IRQHandler_Veneer
                0x08000374                ERU0_2_IRQHandler
                0x08000376                ERU0_2_IRQHandler_Veneer
                0x08000384                ERU0_3_IRQHandler
                0x08000386                ERU0_3_IRQHandler_Veneer
                0x08000394                ERU1_0_IRQHandler
                0x08000396                ERU1_0_IRQHandler_Veneer
                0x080003a4                ERU1_1_IRQHandler
                0x080003a6                ERU1_1_IRQHandler_Veneer
                0x080003b4                ERU1_2_IRQHandler
                0x080003b6                ERU1_2_IRQHandler_Veneer
                0x080003c4                ERU1_3_IRQHandler
                0x080003c6                ERU1_3_IRQHandler_Veneer
                0x080003d4                PMU0_0_IRQHandler
                0x080003d6                PMU0_0_IRQHandler_Veneer
                0x080003e4                VADC0_C0_0_IRQHandler
                0x080003e6                VADC0_C0_0_IRQHandler_Veneer
                0x080003f4                VADC0_C0_1_IRQHandler
                0x080003f6                VADC0_C0_1_IRQHandler_Veneer
                0x08000404                VADC0_C0_2_IRQHandler
                0x08000406                VADC0_C0_2_IRQHandler_Veneer
                0x08000414                VADC0_C0_3_IRQHandler
                0x08000416                VADC0_C0_3_IRQHandler_Veneer
                0x08000424                VADC0_G0_0_IRQHandler
                0x08000426                VADC0_G0_0_IRQHandler_Veneer
                0x08000434                VADC0_G0_1_IRQHandler
                0x08000436                VADC0_G0_1_IRQHandler_Veneer
                0x08000444                VADC0_G0_2_IRQHandler
                0x08000446                VADC0_G0_2_IRQHandler_Veneer
                0x08000454                VADC0_G0_3_IRQHandler
                0x08000456                VADC0_G0_3_IRQHandler_Veneer
                0x08000464                VADC0_G1_0_IRQHandler
                0x08000466                VADC0_G1_0_IRQHandler_Veneer
                0x08000474                VADC0_G1_1_IRQHandler
                0x08000476                VADC0_G1_1_IRQHandler_Veneer
                0x08000484                VADC0_G1_2_IRQHandler
                0x08000486                VADC0_G1_2_IRQHandler_Veneer
                0x08000494                VADC0_G1_3_IRQHandler
                0x08000496                VADC0_G1_3_IRQHandler_Veneer
                0x080004a4                VADC0_G2_0_IRQHandler
                0x080004a6                VADC0_G2_0_IRQHandler_Veneer
                0x080004b4                VADC0_G2_1_IRQHandler
                0x080004b6                VADC0_G2_1_IRQHandler_Veneer
                0x080004c4                VADC0_G2_2_IRQHandler
                0x080004c6                VADC0_G2_2_IRQHandler_Veneer
                0x080004d4                VADC0_G2_3_IRQHandler
                0x080004d6                VADC0_G2_3_IRQHandler_Veneer
                0x080004e4                VADC0_G3_0_IRQHandler
                0x080004e6                VADC0_G3_0_IRQHandler_Veneer
                0x080004f4                VADC0_G3_1_IRQHandler
                0x080004f6                VADC0_G3_1_IRQHandler_Veneer
                0x08000504                VADC0_G3_2_IRQHandler
                0x08000506                VADC0_G3_2_IRQHandler_Veneer
                0x08000514                VADC0_G3_3_IRQHandler
                0x08000516                VADC0_G3_3_IRQHandler_Veneer
                0x08000524                DSD0_0_IRQHandler
                0x08000526                DSD0_0_IRQHandler_Veneer
                0x08000534                DSD0_1_IRQHandler
                0x08000536                DSD0_1_IRQHandler_Veneer
                0x08000544                DSD0_2_IRQHandler
                0x08000546                DSD0_2_IRQHandler_Veneer
                0x08000554                DSD0_3_IRQHandler
                0x08000556                DSD0_3_IRQHandler_Veneer
                0x08000564                DSD0_4_IRQHandler
                0x08000566                DSD0_4_IRQHandler_Veneer
                0x08000574                DSD0_5_IRQHandler
                0x08000576                DSD0_5_IRQHandler_Veneer
                0x08000584                DSD0_6_IRQHandler
                0x08000586                DSD0_6_IRQHandler_Veneer
                0x08000594                DSD0_7_IRQHandler
                0x08000596                DSD0_7_IRQHandler_Veneer
                0x080005a4                DAC0_0_IRQHandler
                0x080005a6                DAC0_0_IRQHandler_Veneer
                0x080005b4                DAC0_1_IRQHandler
                0x080005b6                DAC0_1_IRQHandler_Veneer
                0x080005c4                CCU40_0_IRQHandler
                0x080005c6                CCU40_0_IRQHandler_Veneer
                0x080005d4                CCU40_1_IRQHandler
                0x080005d6                CCU40_1_IRQHandler_Veneer
                0x080005e4                CCU40_2_IRQHandler
                0x080005e6                CCU40_2_IRQHandler_Veneer
                0x080005f4                CCU40_3_IRQHandler
                0x080005f6                CCU40_3_IRQHandler_Veneer
                0x08000604                CCU41_0_IRQHandler
                0x08000606                CCU41_0_IRQHandler_Veneer
                0x08000612                CCU41_1_IRQHandler
                0x08000614                CCU41_1_IRQHandler_Veneer
                0x08000620                CCU41_2_IRQHandler
                0x08000622                CCU41_2_IRQHandler_Veneer
                0x0800062e                CCU41_3_IRQHandler
                0x08000630                CCU41_3_IRQHandler_Veneer
                0x0800063c                CCU42_0_IRQHandler
                0x0800063e                CCU42_0_IRQHandler_Veneer
                0x0800064a                CCU42_1_IRQHandler
                0x0800064c                CCU42_1_IRQHandler_Veneer
                0x08000658                CCU42_2_IRQHandler
                0x0800065a                CCU42_2_IRQHandler_Veneer
                0x08000666                CCU42_3_IRQHandler
                0x08000668                CCU42_3_IRQHandler_Veneer
                0x08000674                CCU43_0_IRQHandler
                0x08000676                CCU43_0_IRQHandler_Veneer
                0x08000682                CCU43_1_IRQHandler
                0x08000684                CCU43_1_IRQHandler_Veneer
                0x08000690                CCU43_2_IRQHandler
                0x08000692                CCU43_2_IRQHandler_Veneer
                0x0800069e                CCU43_3_IRQHandler
                0x080006a0                CCU43_3_IRQHandler_Veneer
                0x080006ac                CCU80_0_IRQHandler
                0x080006ae                CCU80_0_IRQHandler_Veneer
                0x080006ba                CCU80_1_IRQHandler
                0x080006bc                CCU80_1_IRQHandler_Veneer
                0x080006c8                CCU80_2_IRQHandler
                0x080006ca                CCU80_2_IRQHandler_Veneer
                0x080006d6                CCU80_3_IRQHandler
                0x080006d8                CCU80_3_IRQHandler_Veneer
                0x080006e4                CCU81_0_IRQHandler
                0x080006e6                CCU81_0_IRQHandler_Veneer
                0x080006f2                CCU81_1_IRQHandler
                0x080006f4                CCU81_1_IRQHandler_Veneer
                0x08000700                CCU81_2_IRQHandler
                0x08000702                CCU81_2_IRQHandler_Veneer
                0x0800070e                CCU81_3_IRQHandler
                0x08000710                CCU81_3_IRQHandler_Veneer
                0x0800071c                POSIF0_0_IRQHandler
                0x0800071e                POSIF0_0_IRQHandler_Veneer
                0x0800072a                POSIF0_1_IRQHandler
                0x0800072c                POSIF0_1_IRQHandler_Veneer
                0x08000738                POSIF1_0_IRQHandler
                0x0800073a                POSIF1_0_IRQHandler_Veneer
                0x08000746                POSIF1_1_IRQHandler
                0x08000748                POSIF1_1_IRQHandler_Veneer
                0x08000754                CAN0_0_IRQHandler
                0x08000756                CAN0_0_IRQHandler_Veneer
                0x08000762                CAN0_1_IRQHandler
                0x08000764                CAN0_1_IRQHandler_Veneer
                0x08000770                CAN0_2_IRQHandler
                0x08000772                CAN0_2_IRQHandler_Veneer
                0x0800077e                CAN0_3_IRQHandler
                0x08000780                CAN0_3_IRQHandler_Veneer
                0x0800078c                CAN0_4_IRQHandler
                0x0800078e                CAN0_4_IRQHandler_Veneer
                0x0800079a                CAN0_5_IRQHandler
                0x0800079c                CAN0_5_IRQHandler_Veneer
                0x080007a8                CAN0_6_IRQHandler
                0x080007aa                CAN0_6_IRQHandler_Veneer
                0x080007b6                CAN0_7_IRQHandler
                0x080007b8                CAN0_7_IRQHandler_Veneer
                0x080007c4                USIC0_0_IRQHandler
                0x080007c6                USIC0_0_IRQHandler_Veneer
                0x080007d2                USIC0_1_IRQHandler
                0x080007d4                USIC0_1_IRQHandler_Veneer
                0x080007e0                USIC0_2_IRQHandler
                0x080007e2                USIC0_2_IRQHandler_Veneer
                0x080007ee                USIC0_3_IRQHandler
                0x080007f0                USIC0_3_IRQHandler_Veneer
                0x080007fc                USIC0_4_IRQHandler
                0x080007fe                USIC0_4_IRQHandler_Veneer
                0x0800080a                USIC0_5_IRQHandler
                0x0800080c                USIC0_5_IRQHandler_Veneer
                0x08000818                USIC1_0_IRQHandler
                0x0800081a                USIC1_0_IRQHandler_Veneer
                0x08000826                USIC1_1_IRQHandler
                0x08000828                USIC1_1_IRQHandler_Veneer
                0x08000834                USIC1_2_IRQHandler
                0x08000836                USIC1_2_IRQHandler_Veneer
                0x08000842                USIC1_3_IRQHandler
                0x08000844                USIC1_3_IRQHandler_Veneer
                0x08000850                USIC1_4_IRQHandler
                0x08000852                USIC1_4_IRQHandler_Veneer
                0x0800085e                USIC1_5_IRQHandler
                0x08000860                USIC1_5_IRQHandler_Veneer
                0x0800086c                USIC2_0_IRQHandler
                0x0800086e                USIC2_0_IRQHandler_Veneer
                0x0800087a                USIC2_1_IRQHandler
                0x0800087c                USIC2_1_IRQHandler_Veneer
                0x08000888                USIC2_2_IRQHandler
                0x0800088a                USIC2_2_IRQHandler_Veneer
                0x08000896                USIC2_3_IRQHandler
                0x08000898                USIC2_3_IRQHandler_Veneer
                0x080008a4                USIC2_4_IRQHandler
                0x080008a6                USIC2_4_IRQHandler_Veneer
                0x080008b2                USIC2_5_IRQHandler
                0x080008b4                USIC2_5_IRQHandler_Veneer
                0x080008c0                LEDTS0_0_IRQHandler
                0x080008c2                LEDTS0_0_IRQHandler_Veneer
                0x080008ce                FCE0_0_IRQHandler
                0x080008d0                FCE0_0_IRQHandler_Veneer
                0x080008dc                GPDMA0_0_IRQHandler
                0x080008de                GPDMA0_0_IRQHandler_Veneer
                0x080008ea                SDMMC0_0_IRQHandler
                0x080008ec                SDMMC0_0_IRQHandler_Veneer
                0x080008f8                USB0_0_IRQHandler
                0x080008fa                USB0_0_IRQHandler_Veneer
                0x08000906                ETH0_0_IRQHandler
                0x08000908                ETH0_0_IRQHandler_Veneer
                0x08000914                GPDMA1_0_IRQHandler
                0x08000916                GPDMA1_0_IRQHandler_Veneer
                0x08000922                AllowPLLInitByStartup
 .text          0x08000ae0        0x0 Startup/system_XMC4500.o
 .text.SystemInit
                0x08000ae0       0x9c Startup/system_XMC4500.o
                0x08000ae0                SystemInit
 .text.SystemCoreClockUpdate
                0x08000b7c      0x148 Startup/system_XMC4500.o
                0x08000b7c                SystemCoreClockUpdate
 .text.SystemClockSetup
                0x08000cc4      0x4cc Startup/system_XMC4500.o
 .text          0x08001190        0x0 Main.o
 .text.I2C_delay
                0x08001190       0x28 Main.o
 .text.ReadSDA  0x080011b8       0x40 Main.o
 .text.I2C_Start
                0x080011f8       0xb8 Main.o
 .text.I2C_Stop
                0x080012b0       0x90 Main.o
 .text.I2C_Ack  0x08001340       0x90 Main.o
 .text.I2C_NoAck
                0x080013d0       0x90 Main.o
 .text.I2C_WaitAck
                0x08001460       0xc8 Main.o
 .text.I2C_SendByte
                0x08001528       0xe8 Main.o
 .text.I2C_ReceiveByte
                0x08001610       0xe4 Main.o
 .text.i2cWriteBuffer
                0x080016f4       0xa0 Main.o
                0x080016f4                i2cWriteBuffer
 .text.i2cRead  0x08001794       0x28 Main.o
                0x08001794                i2cRead
 .text.i2cwrite
                0x080017bc       0x44 Main.o
                0x080017bc                i2cwrite
 .text.i2cread  0x08001800       0x44 Main.o
                0x08001800                i2cread
 .text.i2cGetErrorCounter
                0x08001844       0x10 Main.o
                0x08001844                i2cGetErrorCounter
 .text.main     0x08001854       0x88 Main.o
                0x08001854                main
 .text          0x080018dc        0x0 Lib/System_LibcStubs.o
 .text._open    0x080018dc       0x1c Lib/System_LibcStubs.o
                0x080018dc                _open
 .text._lseek   0x080018f8       0x1c Lib/System_LibcStubs.o
                0x080018f8                _lseek
 .text._read    0x08001914       0x1c Lib/System_LibcStubs.o
                0x08001914                _read
 .text._write   0x08001930       0x1c Lib/System_LibcStubs.o
                0x08001930                _write
 .text._close   0x0800194c       0x10 Lib/System_LibcStubs.o
                0x0800194c                _close
 .text._fstat   0x0800195c       0x28 Lib/System_LibcStubs.o
                0x0800195c                _fstat
 .text._link    0x08001984       0x28 Lib/System_LibcStubs.o
                0x08001984                _link
 .text._unlink  0x080019ac       0x18 Lib/System_LibcStubs.o
                0x080019ac                _unlink
 .text._sbrk    0x080019c4       0xa0 Lib/System_LibcStubs.o
                0x080019c4                _sbrk
 .text._times   0x08001a64       0x18 Lib/System_LibcStubs.o
                0x08001a64                _times
 .text._wait    0x08001a7c       0x18 Lib/System_LibcStubs.o
                0x08001a7c                _wait
 .text._kill    0x08001a94       0x1c Lib/System_LibcStubs.o
                0x08001a94                _kill
 .text._fork    0x08001ab0       0x10 Lib/System_LibcStubs.o
                0x08001ab0                _fork
 .text._getpid  0x08001ac0       0x10 Lib/System_LibcStubs.o
                0x08001ac0                _getpid
 .text._exit    0x08001ad0        0xc Lib/System_LibcStubs.o
                0x08001ad0                _exit
 .text._init    0x08001adc        0xc Lib/System_LibcStubs.o
                0x08001adc                _init
 .text._isatty  0x08001ae8       0x18 Lib/System_LibcStubs.o
                0x08001ae8                _isatty
 .text          0x08001b00        0x0 Dave/Generated/src/LIBS/CCU8PWMLIB.o
 .text          0x08001b00        0x0 Dave/Generated/src/LIBS/MOTORLIB.o
 .text          0x08001b00        0x0 Dave/Generated/src/IO004/IO004.o
 .text.IO004_Init
                0x08001b00       0xcc Dave/Generated/src/IO004/IO004.o
                0x08001b00                IO004_Init
 .text.IO004_DisableOutputDriver
                0x08001bcc      0x17c Dave/Generated/src/IO004/IO004.o
                0x08001bcc                IO004_DisableOutputDriver
 .text.IO004_EnableOutputDriver
                0x08001d48      0x17c Dave/Generated/src/IO004/IO004.o
                0x08001d48                IO004_EnableOutputDriver
 .text          0x08001ec4        0x0 Dave/Generated/src/IO004/IO004_Conf.o
 .text          0x08001ec4        0x0 Dave/Generated/src/DAVESupport/DAVE3.o
 .text.NVIC_SetPriorityGrouping
                0x08001ec4       0x50 Dave/Generated/src/DAVESupport/DAVE3.o
 .text.DAVE_Init
                0x08001f14       0x1c Dave/Generated/src/DAVESupport/DAVE3.o
                0x08001f14                DAVE_Init
 .text          0x08001f30        0x0 Dave/Generated/src/DAVESupport/MULTIPLEXER.o
 .text.DAVE_MUX_Init
                0x08001f30       0x3c Dave/Generated/src/DAVESupport/MULTIPLEXER.o
                0x08001f30                DAVE_MUX_Init
 .text.DAVE_MUX_PreInit
                0x08001f6c        0xc Dave/Generated/src/DAVESupport/MULTIPLEXER.o
                0x08001f6c                DAVE_MUX_PreInit
 .text          0x08001f78        0x0 d:/dave-3.1.10/arm-gcc/bin/../lib/gcc/arm-none-eabi/4.7.4/../../../../arm-none-eabi/lib/armv7e-m\libg.a(lib_a-init.o)
 .text.__libc_init_array
                0x08001f78       0x94 d:/dave-3.1.10/arm-gcc/bin/../lib/gcc/arm-none-eabi/4.7.4/../../../../arm-none-eabi/lib/armv7e-m\libg.a(lib_a-init.o)
                0x08001f78                __libc_init_array
 *(.glue*)
 .glue_7        0x00000000        0x0 linker stubs
 .glue_7t       0x00000000        0x0 linker stubs
 *(.v4*)
 .v4_bx         0x00000000        0x0 linker stubs
 *(.vfp11_veneer)
 .vfp11_veneer  0x00000000        0x0 linker stubs
 *(.init)
                0x0800200c                __preinit_array_start = .
 *(.preinit_array)
                0x0800200c                __preinit_array_end = .
                0x0800200c                __init_array_start = .
 *(SORT(.init_array.*))
 *(.init_array)
                0x0800200c                __init_array_end = .
 *crtbegin.o(.ctors)
 *(EXCLUDE_FILE(*crtend.o) .ctors)
 *(SORT(.ctors.*))
 *crtend.o(.ctors)
 *(.fini)
                0x0800200c                __fini_array_start = .
 *(.fini_array)
 *(SORT(.fini_array.*))
                0x0800200c                __fini_array_end = .
 *crtbegin.o(.dtors)
 *(EXCLUDE_FILE(*crtend.o) .dtors)
 *(SORT(.dtors.*))
 *crtend.o(.dtors)
                0x0800200c                __extab_start = .
 *(.ARM.extab* .gnu.linkonce.armextab.*)
 .ARM.extab.Xmc4500.reset
                0x0800200c        0x0 Startup/startup_XMC4500.o
 .ARM.extab.Xmc4500.postreset
                0x0800200c        0x0 Startup/startup_XMC4500.o
                0x0800200c                . = ALIGN (0x4)
                0x0800200c                __extab_end = ABSOLUTE (.)

.iplt           0x0800200c        0x0 load address 0x0c00200c
 .iplt          0x00000000        0x0 Startup/startup_XMC4500.o

.ARM.exidx      0x0800200c       0x10 load address 0x0c00200c
                0x0800200c                __exidx_start = .
 *(.ARM.exidx* .gnu.linkonce.armexidx.*)
 .ARM.exidx.Xmc4500.reset
                0x0800200c        0x8 Startup/startup_XMC4500.o
 .ARM.exidx.Xmc4500.postreset
                0x08002014        0x8 Startup/startup_XMC4500.o
                0x0800201c                . = ALIGN (0x4)
                0x0800201c                __exidx_end = ABSOLUTE (.)

.rodata         0x0800201c       0x14 load address 0x0c00201c
 *(.rodata .rodata.*)
 .rodata        0x0800201c        0x4 Main.o
 .rodata        0x08002020       0x10 Dave/Generated/src/IO004/IO004_Conf.o
                0x08002020                IO004_Handle0
                0x08002028                IO004_Handle1
 *(.gnu.linkonce.r*)

.rel.dyn        0x08002030        0x0 load address 0x0c002030
 .rel.iplt      0x00000000        0x0 Startup/startup_XMC4500.o
                0x08002030                . = ALIGN (0x10)
                0x0c002030                eROData = (. | 0x4000000)

Stack           0x20000000      0x800
                0x20000800                . = (. + stack_size)
 *fill*         0x20000000      0x800 00
                0x20000800                __Xmc4500_stack = .

Communication_Buffers
 *DMA_Descriptors.o(COMMON)

USB_RAM

.bss            0x20000800       0x20
                0x20000800                __Xmc4500_sBSS = .
 *(.bss)
 .bss           0x20000800        0x0 Startup/startup_XMC4500.o
 .bss           0x20000800        0x0 Startup/system_XMC4500.o
 .bss           0x20000800       0x10 Main.o
                0x20000802                DataReceived
 .bss           0x20000810        0xc Lib/System_LibcStubs.o
                0x20000810                __dso_handle
 .bss           0x2000081c        0x0 Dave/Generated/src/LIBS/CCU8PWMLIB.o
 .bss           0x2000081c        0x0 Dave/Generated/src/LIBS/MOTORLIB.o
 .bss           0x2000081c        0x0 Dave/Generated/src/IO004/IO004.o
 .bss           0x2000081c        0x0 Dave/Generated/src/IO004/IO004_Conf.o
 .bss           0x2000081c        0x0 Dave/Generated/src/DAVESupport/DAVE3.o
 .bss           0x2000081c        0x0 Dave/Generated/src/DAVESupport/MULTIPLEXER.o
 .bss           0x2000081c        0x0 d:/dave-3.1.10/arm-gcc/bin/../lib/gcc/arm-none-eabi/4.7.4/../../../../arm-none-eabi/lib/armv7e-m\libg.a(lib_a-init.o)
 *(.bss*)
 *(EXCLUDE_FILE(*DMA_Descriptors.o) COMMON)
 COMMON         0x2000081c        0x4 Main.o
                0x2000081c                Value
 *(.gnu.linkonce.b*)
                0x20000820                __Xmc4500_eBSS = ALIGN (0x4)
                0x00000020                __Xmc4500_BSS_Size = (__Xmc4500_eBSS - __Xmc4500_sBSS)

.data           0x20000820        0x4 load address 0x0c002030
                0x20000820                __Xmc4500_sData = .
 *(.data)
 .data          0x20000820        0x0 Startup/startup_XMC4500.o
 .data          0x20000820        0x4 Startup/system_XMC4500.o
                0x20000820                SystemCoreClock
 .data          0x20000824        0x0 Main.o
 .data          0x20000824        0x0 Lib/System_LibcStubs.o
 .data          0x20000824        0x0 Dave/Generated/src/LIBS/CCU8PWMLIB.o
 .data          0x20000824        0x0 Dave/Generated/src/LIBS/MOTORLIB.o
 .data          0x20000824        0x0 Dave/Generated/src/IO004/IO004.o
 .data          0x20000824        0x0 Dave/Generated/src/IO004/IO004_Conf.o
 .data          0x20000824        0x0 Dave/Generated/src/DAVESupport/DAVE3.o
 .data          0x20000824        0x0 Dave/Generated/src/DAVESupport/MULTIPLEXER.o
 .data          0x20000824        0x0 d:/dave-3.1.10/arm-gcc/bin/../lib/gcc/arm-none-eabi/4.7.4/../../../../arm-none-eabi/lib/armv7e-m\libg.a(lib_a-init.o)
 *(.data*)
 *(*.data)
 *(.gnu.linkonce.d*)
                0x20000824                __Xmc4500_eData = ALIGN (0x4)
                0x00000004                __Xmc4500_Data_Size = (__Xmc4500_eData - __Xmc4500_sData)
                0x20000828                __Xmc4500_heap_start = ALIGN (0x8)
                0x20010000                __Xmc4500_heap_end = (ORIGIN (DSRAM_1_system) + 0x10000)
                0x20000828                Heap_Bank1_Start = __Xmc4500_heap_start
                0x0000f7d8                Heap_Bank1_Size = (__Xmc4500_heap_end - __Xmc4500_heap_start)
                0x20010000                Heap_Bank1_End = ABSOLUTE (__Xmc4500_heap_end)

.igot.plt       0x20000824        0x0 load address 0x0c002034
 .igot.plt      0x00000000        0x0 Startup/startup_XMC4500.o

DSRAM2_Heap     0x30000000        0x0
                0x30000000                Heap_Bank2_Start = .
                0x00008000                Heap_Bank2_Size = (0x8000 - (Heap_Bank2_Start - ORIGIN (DSRAM_2_comm)))

PSRAM_Heap      0x10000000        0x0
                0x10000000                Heap_Bank3_Start = .
                0x00010000                Heap_Bank3_Size = (0x10000 - (Heap_Bank3_Start - ORIGIN (PSRAM_1)))

/DISCARD/
 *(.comment)

.stab
 *(.stab)

.stabstr
 *(.stabstr)

.debug
 *(.debug)

.line
 *(.line)

.debug_srcinfo
 *(.debug_srcinfo)

.debug_sfnames
 *(.debug_sfnames)

.debug_aranges  0x00000000      0x260
 *(.debug_aranges)
 .debug_aranges
                0x00000000       0x38 Startup/startup_XMC4500.o
 .debug_aranges
                0x00000038       0x30 Startup/system_XMC4500.o
 .debug_aranges
                0x00000068       0x90 Main.o
 .debug_aranges
                0x000000f8       0xa0 Lib/System_LibcStubs.o
 .debug_aranges
                0x00000198       0x18 Dave/Generated/src/LIBS/CCU8PWMLIB.o
 .debug_aranges
                0x000001b0       0x18 Dave/Generated/src/LIBS/MOTORLIB.o
 .debug_aranges
                0x000001c8       0x30 Dave/Generated/src/IO004/IO004.o
 .debug_aranges
                0x000001f8       0x18 Dave/Generated/src/IO004/IO004_Conf.o
 .debug_aranges
                0x00000210       0x28 Dave/Generated/src/DAVESupport/DAVE3.o
 .debug_aranges
                0x00000238       0x28 Dave/Generated/src/DAVESupport/MULTIPLEXER.o

.debug_pubnames
 *(.debug_pubnames)

.debug_pubtypes
 *(.debug_pubtypes)

.debug_info     0x00000000     0x24ed
 *(.debug_info .gnu.linkonce.wi.*)
 .debug_info    0x00000000       0x86 Startup/startup_XMC4500.o
 .debug_info    0x00000086      0xaf0 Startup/system_XMC4500.o
 .debug_info    0x00000b76      0x68c Main.o
 .debug_info    0x00001202      0x65f Lib/System_LibcStubs.o
 .debug_info    0x00001861       0x94 Dave/Generated/src/LIBS/CCU8PWMLIB.o
 .debug_info    0x000018f5       0x94 Dave/Generated/src/LIBS/MOTORLIB.o
 .debug_info    0x00001989      0x3ac Dave/Generated/src/IO004/IO004.o
 .debug_info    0x00001d35      0x298 Dave/Generated/src/IO004/IO004_Conf.o
 .debug_info    0x00001fcd      0x2d3 Dave/Generated/src/DAVESupport/DAVE3.o
 .debug_info    0x000022a0      0x24d Dave/Generated/src/DAVESupport/MULTIPLEXER.o

.debug_abbrev   0x00000000      0x912
 *(.debug_abbrev)
 .debug_abbrev  0x00000000       0x12 Startup/startup_XMC4500.o
 .debug_abbrev  0x00000012      0x154 Startup/system_XMC4500.o
 .debug_abbrev  0x00000166      0x233 Main.o
 .debug_abbrev  0x00000399      0x149 Lib/System_LibcStubs.o
 .debug_abbrev  0x000004e2       0x4e Dave/Generated/src/LIBS/CCU8PWMLIB.o
 .debug_abbrev  0x00000530       0x4e Dave/Generated/src/LIBS/MOTORLIB.o
 .debug_abbrev  0x0000057e      0x129 Dave/Generated/src/IO004/IO004.o
 .debug_abbrev  0x000006a7       0xbb Dave/Generated/src/IO004/IO004_Conf.o
 .debug_abbrev  0x00000762       0xf3 Dave/Generated/src/DAVESupport/DAVE3.o
 .debug_abbrev  0x00000855       0xbd Dave/Generated/src/DAVESupport/MULTIPLEXER.o

.debug_line     0x00000000     0x318f
 *(.debug_line)
 .debug_line    0x00000000      0x19d Startup/startup_XMC4500.o
 .debug_line    0x0000019d      0x3b7 Startup/system_XMC4500.o
 .debug_line    0x00000554      0x6fb Main.o
 .debug_line    0x00000c4f      0x3c1 Lib/System_LibcStubs.o
 .debug_line    0x00001010      0x5b1 Dave/Generated/src/LIBS/CCU8PWMLIB.o
 .debug_line    0x000015c1      0x5ad Dave/Generated/src/LIBS/MOTORLIB.o
 .debug_line    0x00001b6e      0x608 Dave/Generated/src/IO004/IO004.o
 .debug_line    0x00002176      0x578 Dave/Generated/src/IO004/IO004_Conf.o
 .debug_line    0x000026ee      0x553 Dave/Generated/src/DAVESupport/DAVE3.o
 .debug_line    0x00002c41      0x54e Dave/Generated/src/DAVESupport/MULTIPLEXER.o

.debug_frame    0x00000000      0x54c
 *(.debug_frame)
 .debug_frame   0x00000000       0x6c Startup/system_XMC4500.o
 .debug_frame   0x0000006c      0x1d0 Main.o
 .debug_frame   0x0000023c      0x1ec Lib/System_LibcStubs.o
 .debug_frame   0x00000428       0x64 Dave/Generated/src/IO004/IO004.o
 .debug_frame   0x0000048c       0x48 Dave/Generated/src/DAVESupport/DAVE3.o
 .debug_frame   0x000004d4       0x48 Dave/Generated/src/DAVESupport/MULTIPLEXER.o
 .debug_frame   0x0000051c       0x30 d:/dave-3.1.10/arm-gcc/bin/../lib/gcc/arm-none-eabi/4.7.4/../../../../arm-none-eabi/lib/armv7e-m\libg.a(lib_a-init.o)

.debug_str      0x00000000    0x9563d
 *(.debug_str)
 .debug_str     0x00000000    0x90171 Startup/system_XMC4500.o
                              0x90483 (size before relaxing)
 .debug_str     0x00090171     0x23f3 Main.o
                              0x923de (size before relaxing)
 .debug_str     0x00092564     0x2e30 Lib/System_LibcStubs.o
                               0x58a3 (size before relaxing)
 .debug_str     0x00095394       0x28 Dave/Generated/src/LIBS/CCU8PWMLIB.o
                              0x91e6b (size before relaxing)
 .debug_str     0x000953bc       0x26 Dave/Generated/src/LIBS/MOTORLIB.o
                              0x91e69 (size before relaxing)
 .debug_str     0x000953e2      0x162 Dave/Generated/src/IO004/IO004.o
                              0x92070 (size before relaxing)
 .debug_str     0x00095544       0x29 Dave/Generated/src/IO004/IO004_Conf.o
                              0x91f37 (size before relaxing)
 .debug_str     0x0009556d       0x76 Dave/Generated/src/DAVESupport/DAVE3.o
                              0x91f28 (size before relaxing)
 .debug_str     0x000955e3       0x5a Dave/Generated/src/DAVESupport/MULTIPLEXER.o
                              0x91f07 (size before relaxing)

.debug_loc      0x00000000      0x87c
 *(.debug_loc)
 .debug_loc     0x00000000       0xa8 Startup/system_XMC4500.o
 .debug_loc     0x000000a8      0x2f4 Main.o
 .debug_loc     0x0000039c      0x388 Lib/System_LibcStubs.o
 .debug_loc     0x00000724       0x9c Dave/Generated/src/IO004/IO004.o
 .debug_loc     0x000007c0       0x64 Dave/Generated/src/DAVESupport/DAVE3.o
 .debug_loc     0x00000824       0x58 Dave/Generated/src/DAVESupport/MULTIPLEXER.o

.debug_macinfo
 *(.debug_macinfo)

.debug_ranges   0x00000000      0x1b0
 *(.debug_ranges)
 .debug_ranges  0x00000000       0x30 Startup/startup_XMC4500.o
 .debug_ranges  0x00000030       0x20 Startup/system_XMC4500.o
 .debug_ranges  0x00000050       0x80 Main.o
 .debug_ranges  0x000000d0       0x90 Lib/System_LibcStubs.o
 .debug_ranges  0x00000160       0x20 Dave/Generated/src/IO004/IO004.o
 .debug_ranges  0x00000180       0x18 Dave/Generated/src/DAVESupport/DAVE3.o
 .debug_ranges  0x00000198       0x18 Dave/Generated/src/DAVESupport/MULTIPLEXER.o

.debug_weaknames
 *(.debug_weaknames)

.debug_funcnames
 *(.debug_funcnames)

.debug_typenames
 *(.debug_typenames)

.debug_varnames
 *(.debug_varnames)

.build_attributes
                0x00000000      0x256
 *(.ARM.attributes)
 .ARM.attributes
                0x00000000       0x27 Startup/startup_XMC4500.o
 .ARM.attributes
                0x00000027       0x39 Startup/system_XMC4500.o
 .ARM.attributes
                0x00000060       0x39 Main.o
 .ARM.attributes
                0x00000099       0x39 Lib/System_LibcStubs.o
 .ARM.attributes
                0x000000d2       0x39 Dave/Generated/src/LIBS/CCU8PWMLIB.o
 .ARM.attributes
                0x0000010b       0x39 Dave/Generated/src/LIBS/MOTORLIB.o
 .ARM.attributes
                0x00000144       0x39 Dave/Generated/src/IO004/IO004.o
 .ARM.attributes
                0x0000017d       0x39 Dave/Generated/src/IO004/IO004_Conf.o
 .ARM.attributes
                0x000001b6       0x39 Dave/Generated/src/DAVESupport/DAVE3.o
 .ARM.attributes
                0x000001ef       0x39 Dave/Generated/src/DAVESupport/MULTIPLEXER.o
 .ARM.attributes
                0x00000228       0x2e d:/dave-3.1.10/arm-gcc/bin/../lib/gcc/arm-none-eabi/4.7.4/../../../../arm-none-eabi/lib/armv7e-m\libg.a(lib_a-init.o)
OUTPUT(XMC4500_IO_Test.elf elf32-littlearm)

.debug_macro    0x00000000    0x189b4
 .debug_macro   0x00000000      0x17e Startup/system_XMC4500.o
 .debug_macro   0x0000017e      0x814 Startup/system_XMC4500.o
 .debug_macro   0x00000992       0x3a Startup/system_XMC4500.o
 .debug_macro   0x000009cc       0x10 Startup/system_XMC4500.o
 .debug_macro   0x000009dc       0x2e Startup/system_XMC4500.o
 .debug_macro   0x00000a0a       0xa3 Startup/system_XMC4500.o
 .debug_macro   0x00000aad      0x20e Startup/system_XMC4500.o
 .debug_macro   0x00000cbb       0x6a Startup/system_XMC4500.o
 .debug_macro   0x00000d25       0x2d Startup/system_XMC4500.o
 .debug_macro   0x00000d52       0x3b Startup/system_XMC4500.o
 .debug_macro   0x00000d8d       0x2d Startup/system_XMC4500.o
 .debug_macro   0x00000dba       0x42 Startup/system_XMC4500.o
 .debug_macro   0x00000dfc      0xd39 Startup/system_XMC4500.o
 .debug_macro   0x00001b35    0x150f5 Startup/system_XMC4500.o
 .debug_macro   0x00016c2a      0x16b Main.o
 .debug_macro   0x00016d95       0x70 Main.o
 .debug_macro   0x00016e05      0x16c Main.o
 .debug_macro   0x00016f71       0x22 Main.o
 .debug_macro   0x00016f93      0x54a Main.o
 .debug_macro   0x000174dd       0x64 Main.o
 .debug_macro   0x00017541       0x46 Main.o
 .debug_macro   0x00017587      0x160 Main.o
 .debug_macro   0x000176e7       0x2d Main.o
 .debug_macro   0x00017714      0x119 Lib/System_LibcStubs.o
 .debug_macro   0x0001782d       0x3a Lib/System_LibcStubs.o
 .debug_macro   0x00017867       0x52 Lib/System_LibcStubs.o
 .debug_macro   0x000178b9       0x19 Lib/System_LibcStubs.o
 .debug_macro   0x000178d2      0x16d Lib/System_LibcStubs.o
 .debug_macro   0x00017a3f       0x10 Lib/System_LibcStubs.o
 .debug_macro   0x00017a4f       0x16 Lib/System_LibcStubs.o
 .debug_macro   0x00017a65       0x89 Lib/System_LibcStubs.o
 .debug_macro   0x00017aee       0x10 Lib/System_LibcStubs.o
 .debug_macro   0x00017afe       0xf5 Lib/System_LibcStubs.o
 .debug_macro   0x00017bf3       0x22 Lib/System_LibcStubs.o
 .debug_macro   0x00017c15       0x91 Lib/System_LibcStubs.o
 .debug_macro   0x00017ca6       0x34 Lib/System_LibcStubs.o
 .debug_macro   0x00017cda      0x120 Lib/System_LibcStubs.o
 .debug_macro   0x00017dfa       0x16 Lib/System_LibcStubs.o
 .debug_macro   0x00017e10       0x35 Lib/System_LibcStubs.o
 .debug_macro   0x00017e45      0x495 Lib/System_LibcStubs.o
 .debug_macro   0x000182da      0x127 Dave/Generated/src/LIBS/CCU8PWMLIB.o
 .debug_macro   0x00018401      0x127 Dave/Generated/src/LIBS/MOTORLIB.o
 .debug_macro   0x00018528      0x123 Dave/Generated/src/IO004/IO004.o
 .debug_macro   0x0001864b      0x123 Dave/Generated/src/IO004/IO004_Conf.o
 .debug_macro   0x0001876e      0x123 Dave/Generated/src/DAVESupport/DAVE3.o
 .debug_macro   0x00018891      0x123 Dave/Generated/src/DAVESupport/MULTIPLEXER.o
